// Jest Snapshot v1, https://goo.gl/fbAQLP

exports[`login page test renders correctly 1`] = `
<body
  id="login"
>
  <div
    className="container"
  >
    <div
      class="row"
    >
      <form
        className="registerForm"
        noValidate={true}
        onSubmit={[Function]}
      >
        <div />
        <div
          className="form"
        >
          <div
            className="form-group"
          >
            <input
              name="username"
              onChange={[Function]}
              placeholder="Type your user name"
              type="username"
              value=""
            />
          </div>
          <div
            className="form-group"
            style={
              Object {
                "alignItems": "center",
              }
            }
          >
            <input
              name="email"
              onChange={[Function]}
              placeholder="Type your email address"
              type="email"
              value=""
            />
            <button
              class="Button"
              onClick={[Function]}
            >
              Send verification code
            </button>
          </div>
          <div
            className="form-group"
          >
            <input
              name="userCaptcha"
              onChange={[Function]}
              placeholder="Type the verification code sent to your email"
              type="captcha"
              value=""
            />
          </div>
          <div
            className="form-group"
          >
            <input
              name="password"
              onChange={[Function]}
              placeholder="Type your password"
              type="password"
              value=""
            />
          </div>
          <div
            className="form-group"
          >
            <input
              name="password2"
              onChange={[Function]}
              placeholder="Re-enter password"
              type="password"
              value=""
            />
          </div>
          <div
            className="form-group"
          >
            <button
              class="button button2"
              type="submit"
            >
              Create account
            </button>
          </div>
        </div>
      </form>
    </div>
    <button
      class="linkButton"
      onClick={[Function]}
    >
      Back to Index Page
    </button>
  </div>
</body>
`;
